                                      1 ;--------------------------------------------------------
                                      2 ; File Created by SDCC : free open source ANSI-C Compiler
                                      3 ; Version 4.1.6 #12539 (MINGW32)
                                      4 ;--------------------------------------------------------
                                      5 	.module main
                                      6 	.optsdcc -mgbz80
                                      7 	
                                      8 ;--------------------------------------------------------
                                      9 ; Public variables in this module
                                     10 ;--------------------------------------------------------
                                     11 	.globl _main
                                     12 	.globl _printf
                                     13 	.globl _cls
                                     14 	.globl _gotoxy
                                     15 	.globl _set_bkg_tiles
                                     16 	.globl _set_bkg_data
                                     17 	.globl _logo_tile_data
                                     18 	.globl _logo_tile_map
                                     19 ;--------------------------------------------------------
                                     20 ; special function registers
                                     21 ;--------------------------------------------------------
                                     22 ;--------------------------------------------------------
                                     23 ; ram data
                                     24 ;--------------------------------------------------------
                                     25 	.area _DATA
                                     26 ;--------------------------------------------------------
                                     27 ; ram data
                                     28 ;--------------------------------------------------------
                                     29 	.area _INITIALIZED
                                     30 ;--------------------------------------------------------
                                     31 ; absolute external ram data
                                     32 ;--------------------------------------------------------
                                     33 	.area _DABS (ABS)
                                     34 ;--------------------------------------------------------
                                     35 ; global & static initialisations
                                     36 ;--------------------------------------------------------
                                     37 	.area _HOME
                                     38 	.area _GSINIT
                                     39 	.area _GSFINAL
                                     40 	.area _GSINIT
                                     41 ;--------------------------------------------------------
                                     42 ; Home
                                     43 ;--------------------------------------------------------
                                     44 	.area _HOME
                                     45 	.area _HOME
                                     46 ;--------------------------------------------------------
                                     47 ; code
                                     48 ;--------------------------------------------------------
                                     49 	.area _CODE
                                     50 ;./main.c:79: void main() {
                                     51 ;	---------------------------------
                                     52 ; Function main
                                     53 ; ---------------------------------
      000000                         54 _main::
                                     55 ;./main.c:81: HIDE_SPRITES;
      000000 F0r00                   56 	ldh	a, (_LCDC_REG + 0)
      000002 E6 FD                   57 	and	a, #0xfd
      000004 E0r00                   58 	ldh	(_LCDC_REG + 0), a
                                     59 ;./main.c:82: HIDE_BKG;
      000006 F0r00                   60 	ldh	a, (_LCDC_REG + 0)
      000008 E6 FE                   61 	and	a, #0xfe
      00000A E0r00                   62 	ldh	(_LCDC_REG + 0), a
                                     63 ;./main.c:83: HIDE_WIN;
      00000C F0r00                   64 	ldh	a, (_LCDC_REG + 0)
      00000E E6 DF                   65 	and	a, #0xdf
      000010 E0r00                   66 	ldh	(_LCDC_REG + 0), a
                                     67 ;./main.c:85: cls();
      000012 CDr00r00                68 	call	_cls
                                     69 ;./main.c:86: printf(" "); //printf loads the font and MUST be called first or tile maps break.
      000015 11r4Er02                70 	ld	de, #___str_0
      000018 D5                      71 	push	de
      000019 CDr00r00                72 	call	_printf
      00001C E1                      73 	pop	hl
                                     74 ;D:/GitHub/gameboygame/include/gb/gb.h:1080: SCX_REG=x, SCY_REG=y;
      00001D 3E FB                   75 	ld	a, #0xfb
      00001F E0r00                   76 	ldh	(_SCX_REG + 0), a
      000021 3E 38                   77 	ld	a, #0x38
      000023 E0r00                   78 	ldh	(_SCY_REG + 0), a
                                     79 ;./main.c:90: set_bkg_data(128, LOGO_TILE_SET_COUNT, logo_tile_data);
      000025 11r7Er00                80 	ld	de, #_logo_tile_data
      000028 D5                      81 	push	de
      000029 21 80 1D                82 	ld	hl, #0x1d80
      00002C E5                      83 	push	hl
      00002D CDr00r00                84 	call	_set_bkg_data
      000030 E8 04                   85 	add	sp, #4
                                     86 ;./main.c:93: set_bkg_tiles(0, 7, LOGO_TILE_MAP_WIDTH, LOGO_TILE_MAP_HEIGHT, logo_tile_map);
      000032 11r5Ar00                87 	ld	de, #_logo_tile_map
      000035 D5                      88 	push	de
      000036 21 09 04                89 	ld	hl, #0x409
      000039 E5                      90 	push	hl
      00003A 21 00 07                91 	ld	hl, #0x700
      00003D E5                      92 	push	hl
      00003E CDr00r00                93 	call	_set_bkg_tiles
      000041 E8 06                   94 	add	sp, #6
                                     95 ;./main.c:96: SHOW_BKG;
      000043 F0r00                   96 	ldh	a, (_LCDC_REG + 0)
      000045 F6 01                   97 	or	a, #0x01
      000047 E0r00                   98 	ldh	(_LCDC_REG + 0), a
                                     99 ;./main.c:99: gotoxy(0, 15);
      000049 21 00 0F               100 	ld	hl, #0xf00
      00004C E5                     101 	push	hl
      00004D CDr00r00               102 	call	_gotoxy
      000050 E1                     103 	pop	hl
                                    104 ;./main.c:100: printf("Isaac is the best\ndeveloper ever!");
      000051 11r50r02               105 	ld	de, #___str_1
      000054 D5                     106 	push	de
      000055 CDr00r00               107 	call	_printf
      000058 E1                     108 	pop	hl
                                    109 ;./main.c:101: }
      000059 C9                     110 	ret
      00005A                        111 _logo_tile_map:
      00005A 80                     112 	.db #0x80	; 128
      00005B 81                     113 	.db #0x81	; 129
      00005C 82                     114 	.db #0x82	; 130
      00005D 83                     115 	.db #0x83	; 131
      00005E 84                     116 	.db #0x84	; 132
      00005F 85                     117 	.db #0x85	; 133
      000060 86                     118 	.db #0x86	; 134
      000061 87                     119 	.db #0x87	; 135
      000062 88                     120 	.db #0x88	; 136
      000063 80                     121 	.db #0x80	; 128
      000064 89                     122 	.db #0x89	; 137
      000065 8A                     123 	.db #0x8a	; 138
      000066 8B                     124 	.db #0x8b	; 139
      000067 8C                     125 	.db #0x8c	; 140
      000068 8D                     126 	.db #0x8d	; 141
      000069 8E                     127 	.db #0x8e	; 142
      00006A 8F                     128 	.db #0x8f	; 143
      00006B 90                     129 	.db #0x90	; 144
      00006C 80                     130 	.db #0x80	; 128
      00006D 91                     131 	.db #0x91	; 145
      00006E 92                     132 	.db #0x92	; 146
      00006F 93                     133 	.db #0x93	; 147
      000070 92                     134 	.db #0x92	; 146
      000071 94                     135 	.db #0x94	; 148
      000072 8E                     136 	.db #0x8e	; 142
      000073 8F                     137 	.db #0x8f	; 143
      000074 90                     138 	.db #0x90	; 144
      000075 95                     139 	.db #0x95	; 149
      000076 96                     140 	.db #0x96	; 150
      000077 97                     141 	.db #0x97	; 151
      000078 98                     142 	.db #0x98	; 152
      000079 99                     143 	.db #0x99	; 153
      00007A 9A                     144 	.db #0x9a	; 154
      00007B 9B                     145 	.db #0x9b	; 155
      00007C 9C                     146 	.db #0x9c	; 156
      00007D 90                     147 	.db #0x90	; 144
      00007E                        148 _logo_tile_data:
      00007E FF                     149 	.db #0xff	; 255
      00007F FF                     150 	.db #0xff	; 255
      000080 FF                     151 	.db #0xff	; 255
      000081 FF                     152 	.db #0xff	; 255
      000082 FF                     153 	.db #0xff	; 255
      000083 FF                     154 	.db #0xff	; 255
      000084 FF                     155 	.db #0xff	; 255
      000085 FF                     156 	.db #0xff	; 255
      000086 FF                     157 	.db #0xff	; 255
      000087 FF                     158 	.db #0xff	; 255
      000088 FF                     159 	.db #0xff	; 255
      000089 FF                     160 	.db #0xff	; 255
      00008A FF                     161 	.db #0xff	; 255
      00008B FF                     162 	.db #0xff	; 255
      00008C FF                     163 	.db #0xff	; 255
      00008D FF                     164 	.db #0xff	; 255
      00008E F0                     165 	.db #0xf0	; 240
      00008F F0                     166 	.db #0xf0	; 240
      000090 F0                     167 	.db #0xf0	; 240
      000091 F1                     168 	.db #0xf1	; 241
      000092 F1                     169 	.db #0xf1	; 241
      000093 F3                     170 	.db #0xf3	; 243
      000094 F3                     171 	.db #0xf3	; 243
      000095 F3                     172 	.db #0xf3	; 243
      000096 F3                     173 	.db #0xf3	; 243
      000097 F3                     174 	.db #0xf3	; 243
      000098 F3                     175 	.db #0xf3	; 243
      000099 F3                     176 	.db #0xf3	; 243
      00009A F3                     177 	.db #0xf3	; 243
      00009B F3                     178 	.db #0xf3	; 243
      00009C F3                     179 	.db #0xf3	; 243
      00009D F3                     180 	.db #0xf3	; 243
      00009E 7F                     181 	.db #0x7f	; 127
      00009F 3F                     182 	.db #0x3f	; 63
      0000A0 FF                     183 	.db #0xff	; 255
      0000A1 FF                     184 	.db #0xff	; 255
      0000A2 FF                     185 	.db #0xff	; 255
      0000A3 FF                     186 	.db #0xff	; 255
      0000A4 FF                     187 	.db #0xff	; 255
      0000A5 FF                     188 	.db #0xff	; 255
      0000A6 FF                     189 	.db #0xff	; 255
      0000A7 FF                     190 	.db #0xff	; 255
      0000A8 FC                     191 	.db #0xfc	; 252
      0000A9 FF                     192 	.db #0xff	; 255
      0000AA FC                     193 	.db #0xfc	; 252
      0000AB FF                     194 	.db #0xff	; 255
      0000AC FC                     195 	.db #0xfc	; 252
      0000AD FF                     196 	.db #0xff	; 255
      0000AE FF                     197 	.db #0xff	; 255
      0000AF FF                     198 	.db #0xff	; 255
      0000B0 FF                     199 	.db #0xff	; 255
      0000B1 FF                     200 	.db #0xff	; 255
      0000B2 FF                     201 	.db #0xff	; 255
      0000B3 FF                     202 	.db #0xff	; 255
      0000B4 E7                     203 	.db #0xe7	; 231
      0000B5 FF                     204 	.db #0xff	; 255
      0000B6 E7                     205 	.db #0xe7	; 231
      0000B7 E7                     206 	.db #0xe7	; 231
      0000B8 24                     207 	.db #0x24	; 36
      0000B9 E7                     208 	.db #0xe7	; 231
      0000BA 24                     209 	.db #0x24	; 36
      0000BB E7                     210 	.db #0xe7	; 231
      0000BC 24                     211 	.db #0x24	; 36
      0000BD E7                     212 	.db #0xe7	; 231
      0000BE 0C                     213 	.db #0x0c	; 12
      0000BF FC                     214 	.db #0xfc	; 252
      0000C0 03                     215 	.db #0x03	; 3
      0000C1 FF                     216 	.db #0xff	; 255
      0000C2 00                     217 	.db #0x00	; 0
      0000C3 FF                     218 	.db #0xff	; 255
      0000C4 00                     219 	.db #0x00	; 0
      0000C5 FF                     220 	.db #0xff	; 255
      0000C6 00                     221 	.db #0x00	; 0
      0000C7 FF                     222 	.db #0xff	; 255
      0000C8 00                     223 	.db #0x00	; 0
      0000C9 FF                     224 	.db #0xff	; 255
      0000CA 00                     225 	.db #0x00	; 0
      0000CB FF                     226 	.db #0xff	; 255
      0000CC 00                     227 	.db #0x00	; 0
      0000CD FF                     228 	.db #0xff	; 255
      0000CE 20                     229 	.db #0x20	; 32
      0000CF 3F                     230 	.db #0x3f	; 63
      0000D0 20                     231 	.db #0x20	; 32
      0000D1 3F                     232 	.db #0x3f	; 63
      0000D2 A0                     233 	.db #0xa0	; 160
      0000D3 3F                     234 	.db #0x3f	; 63
      0000D4 BF                     235 	.db #0xbf	; 191
      0000D5 BF                     236 	.db #0xbf	; 191
      0000D6 80                     237 	.db #0x80	; 128
      0000D7 00                     238 	.db #0x00	; 0
      0000D8 80                     239 	.db #0x80	; 128
      0000D9 00                     240 	.db #0x00	; 0
      0000DA 80                     241 	.db #0x80	; 128
      0000DB 00                     242 	.db #0x00	; 0
      0000DC 80                     243 	.db #0x80	; 128
      0000DD 00                     244 	.db #0x00	; 0
      0000DE 00                     245 	.db #0x00	; 0
      0000DF FF                     246 	.db #0xff	; 255
      0000E0 00                     247 	.db #0x00	; 0
      0000E1 FF                     248 	.db #0xff	; 255
      0000E2 00                     249 	.db #0x00	; 0
      0000E3 FF                     250 	.db #0xff	; 255
      0000E4 80                     251 	.db #0x80	; 128
      0000E5 FF                     252 	.db #0xff	; 255
      0000E6 00                     253 	.db #0x00	; 0
      0000E7 7F                     254 	.db #0x7f	; 127
      0000E8 00                     255 	.db #0x00	; 0
      0000E9 7F                     256 	.db #0x7f	; 127
      0000EA 00                     257 	.db #0x00	; 0
      0000EB 7F                     258 	.db #0x7f	; 127
      0000EC 00                     259 	.db #0x00	; 0
      0000ED 7F                     260 	.db #0x7f	; 127
      0000EE 00                     261 	.db #0x00	; 0
      0000EF FF                     262 	.db #0xff	; 255
      0000F0 00                     263 	.db #0x00	; 0
      0000F1 FF                     264 	.db #0xff	; 255
      0000F2 00                     265 	.db #0x00	; 0
      0000F3 FF                     266 	.db #0xff	; 255
      0000F4 07                     267 	.db #0x07	; 7
      0000F5 FF                     268 	.db #0xff	; 255
      0000F6 04                     269 	.db #0x04	; 4
      0000F7 FC                     270 	.db #0xfc	; 252
      0000F8 04                     271 	.db #0x04	; 4
      0000F9 FC                     272 	.db #0xfc	; 252
      0000FA 04                     273 	.db #0x04	; 4
      0000FB FC                     274 	.db #0xfc	; 252
      0000FC 04                     275 	.db #0x04	; 4
      0000FD FC                     276 	.db #0xfc	; 252
      0000FE 00                     277 	.db #0x00	; 0
      0000FF F0                     278 	.db #0xf0	; 240
      000100 00                     279 	.db #0x00	; 0
      000101 F0                     280 	.db #0xf0	; 240
      000102 00                     281 	.db #0x00	; 0
      000103 F0                     282 	.db #0xf0	; 240
      000104 F0                     283 	.db #0xf0	; 240
      000105 F0                     284 	.db #0xf0	; 240
      000106 00                     285 	.db #0x00	; 0
      000107 00                     286 	.db #0x00	; 0
      000108 00                     287 	.db #0x00	; 0
      000109 00                     288 	.db #0x00	; 0
      00010A 00                     289 	.db #0x00	; 0
      00010B 00                     290 	.db #0x00	; 0
      00010C 00                     291 	.db #0x00	; 0
      00010D 00                     292 	.db #0x00	; 0
      00010E F3                     293 	.db #0xf3	; 243
      00010F F3                     294 	.db #0xf3	; 243
      000110 F3                     295 	.db #0xf3	; 243
      000111 F3                     296 	.db #0xf3	; 243
      000112 F3                     297 	.db #0xf3	; 243
      000113 F3                     298 	.db #0xf3	; 243
      000114 F3                     299 	.db #0xf3	; 243
      000115 F3                     300 	.db #0xf3	; 243
      000116 F3                     301 	.db #0xf3	; 243
      000117 F3                     302 	.db #0xf3	; 243
      000118 F3                     303 	.db #0xf3	; 243
      000119 F3                     304 	.db #0xf3	; 243
      00011A F3                     305 	.db #0xf3	; 243
      00011B F3                     306 	.db #0xf3	; 243
      00011C F0                     307 	.db #0xf0	; 240
      00011D F3                     308 	.db #0xf3	; 243
      00011E FC                     309 	.db #0xfc	; 252
      00011F FF                     310 	.db #0xff	; 255
      000120 FC                     311 	.db #0xfc	; 252
      000121 FF                     312 	.db #0xff	; 255
      000122 FC                     313 	.db #0xfc	; 252
      000123 FF                     314 	.db #0xff	; 255
      000124 FC                     315 	.db #0xfc	; 252
      000125 FF                     316 	.db #0xff	; 255
      000126 FC                     317 	.db #0xfc	; 252
      000127 FF                     318 	.db #0xff	; 255
      000128 FC                     319 	.db #0xfc	; 252
      000129 FF                     320 	.db #0xff	; 255
      00012A FC                     321 	.db #0xfc	; 252
      00012B FF                     322 	.db #0xff	; 255
      00012C 00                     323 	.db #0x00	; 0
      00012D FF                     324 	.db #0xff	; 255
      00012E 24                     325 	.db #0x24	; 36
      00012F E7                     326 	.db #0xe7	; 231
      000130 27                     327 	.db #0x27	; 39
      000131 E7                     328 	.db #0xe7	; 231
      000132 20                     329 	.db #0x20	; 32
      000133 E0                     330 	.db #0xe0	; 224
      000134 20                     331 	.db #0x20	; 32
      000135 E0                     332 	.db #0xe0	; 224
      000136 20                     333 	.db #0x20	; 32
      000137 E0                     334 	.db #0xe0	; 224
      000138 3F                     335 	.db #0x3f	; 63
      000139 FF                     336 	.db #0xff	; 255
      00013A 20                     337 	.db #0x20	; 32
      00013B FF                     338 	.db #0xff	; 255
      00013C 20                     339 	.db #0x20	; 32
      00013D FF                     340 	.db #0xff	; 255
      00013E 00                     341 	.db #0x00	; 0
      00013F FF                     342 	.db #0xff	; 255
      000140 FF                     343 	.db #0xff	; 255
      000141 FF                     344 	.db #0xff	; 255
      000142 00                     345 	.db #0x00	; 0
      000143 00                     346 	.db #0x00	; 0
      000144 00                     347 	.db #0x00	; 0
      000145 00                     348 	.db #0x00	; 0
      000146 00                     349 	.db #0x00	; 0
      000147 00                     350 	.db #0x00	; 0
      000148 FF                     351 	.db #0xff	; 255
      000149 FF                     352 	.db #0xff	; 255
      00014A 00                     353 	.db #0x00	; 0
      00014B FF                     354 	.db #0xff	; 255
      00014C 00                     355 	.db #0x00	; 0
      00014D FF                     356 	.db #0xff	; 255
      00014E 80                     357 	.db #0x80	; 128
      00014F 00                     358 	.db #0x00	; 0
      000150 00                     359 	.db #0x00	; 0
      000151 80                     360 	.db #0x80	; 128
      000152 00                     361 	.db #0x00	; 0
      000153 00                     362 	.db #0x00	; 0
      000154 00                     363 	.db #0x00	; 0
      000155 00                     364 	.db #0x00	; 0
      000156 00                     365 	.db #0x00	; 0
      000157 00                     366 	.db #0x00	; 0
      000158 80                     367 	.db #0x80	; 128
      000159 80                     368 	.db #0x80	; 128
      00015A 80                     369 	.db #0x80	; 128
      00015B 00                     370 	.db #0x00	; 0
      00015C 80                     371 	.db #0x80	; 128
      00015D 00                     372 	.db #0x00	; 0
      00015E 00                     373 	.db #0x00	; 0
      00015F 7F                     374 	.db #0x7f	; 127
      000160 00                     375 	.db #0x00	; 0
      000161 7F                     376 	.db #0x7f	; 127
      000162 00                     377 	.db #0x00	; 0
      000163 7F                     378 	.db #0x7f	; 127
      000164 00                     379 	.db #0x00	; 0
      000165 7F                     380 	.db #0x7f	; 127
      000166 00                     381 	.db #0x00	; 0
      000167 7F                     382 	.db #0x7f	; 127
      000168 00                     383 	.db #0x00	; 0
      000169 7F                     384 	.db #0x7f	; 127
      00016A 00                     385 	.db #0x00	; 0
      00016B 7F                     386 	.db #0x7f	; 127
      00016C 00                     387 	.db #0x00	; 0
      00016D 7F                     388 	.db #0x7f	; 127
      00016E 04                     389 	.db #0x04	; 4
      00016F FC                     390 	.db #0xfc	; 252
      000170 04                     391 	.db #0x04	; 4
      000171 FC                     392 	.db #0xfc	; 252
      000172 04                     393 	.db #0x04	; 4
      000173 FC                     394 	.db #0xfc	; 252
      000174 04                     395 	.db #0x04	; 4
      000175 FC                     396 	.db #0xfc	; 252
      000176 04                     397 	.db #0x04	; 4
      000177 FC                     398 	.db #0xfc	; 252
      000178 04                     399 	.db #0x04	; 4
      000179 FC                     400 	.db #0xfc	; 252
      00017A 04                     401 	.db #0x04	; 4
      00017B FC                     402 	.db #0xfc	; 252
      00017C 04                     403 	.db #0x04	; 4
      00017D FC                     404 	.db #0xfc	; 252
      00017E 00                     405 	.db #0x00	; 0
      00017F 00                     406 	.db #0x00	; 0
      000180 00                     407 	.db #0x00	; 0
      000181 00                     408 	.db #0x00	; 0
      000182 00                     409 	.db #0x00	; 0
      000183 00                     410 	.db #0x00	; 0
      000184 00                     411 	.db #0x00	; 0
      000185 00                     412 	.db #0x00	; 0
      000186 00                     413 	.db #0x00	; 0
      000187 00                     414 	.db #0x00	; 0
      000188 00                     415 	.db #0x00	; 0
      000189 00                     416 	.db #0x00	; 0
      00018A 00                     417 	.db #0x00	; 0
      00018B 00                     418 	.db #0x00	; 0
      00018C 00                     419 	.db #0x00	; 0
      00018D 00                     420 	.db #0x00	; 0
      00018E F0                     421 	.db #0xf0	; 240
      00018F F3                     422 	.db #0xf3	; 243
      000190 F0                     423 	.db #0xf0	; 240
      000191 F3                     424 	.db #0xf3	; 243
      000192 F0                     425 	.db #0xf0	; 240
      000193 F3                     426 	.db #0xf3	; 243
      000194 F0                     427 	.db #0xf0	; 240
      000195 F3                     428 	.db #0xf3	; 243
      000196 F0                     429 	.db #0xf0	; 240
      000197 F3                     430 	.db #0xf3	; 243
      000198 F0                     431 	.db #0xf0	; 240
      000199 F3                     432 	.db #0xf3	; 243
      00019A F0                     433 	.db #0xf0	; 240
      00019B F3                     434 	.db #0xf3	; 243
      00019C F0                     435 	.db #0xf0	; 240
      00019D F3                     436 	.db #0xf3	; 243
      00019E 00                     437 	.db #0x00	; 0
      00019F FF                     438 	.db #0xff	; 255
      0001A0 00                     439 	.db #0x00	; 0
      0001A1 FF                     440 	.db #0xff	; 255
      0001A2 00                     441 	.db #0x00	; 0
      0001A3 FF                     442 	.db #0xff	; 255
      0001A4 00                     443 	.db #0x00	; 0
      0001A5 FF                     444 	.db #0xff	; 255
      0001A6 00                     445 	.db #0x00	; 0
      0001A7 FF                     446 	.db #0xff	; 255
      0001A8 00                     447 	.db #0x00	; 0
      0001A9 FF                     448 	.db #0xff	; 255
      0001AA 00                     449 	.db #0x00	; 0
      0001AB FF                     450 	.db #0xff	; 255
      0001AC 00                     451 	.db #0x00	; 0
      0001AD FF                     452 	.db #0xff	; 255
      0001AE 20                     453 	.db #0x20	; 32
      0001AF FF                     454 	.db #0xff	; 255
      0001B0 20                     455 	.db #0x20	; 32
      0001B1 FF                     456 	.db #0xff	; 255
      0001B2 24                     457 	.db #0x24	; 36
      0001B3 E7                     458 	.db #0xe7	; 231
      0001B4 24                     459 	.db #0x24	; 36
      0001B5 E7                     460 	.db #0xe7	; 231
      0001B6 24                     461 	.db #0x24	; 36
      0001B7 E7                     462 	.db #0xe7	; 231
      0001B8 24                     463 	.db #0x24	; 36
      0001B9 E7                     464 	.db #0xe7	; 231
      0001BA 24                     465 	.db #0x24	; 36
      0001BB E7                     466 	.db #0xe7	; 231
      0001BC 18                     467 	.db #0x18	; 24
      0001BD FF                     468 	.db #0xff	; 255
      0001BE 80                     469 	.db #0x80	; 128
      0001BF 00                     470 	.db #0x00	; 0
      0001C0 80                     471 	.db #0x80	; 128
      0001C1 00                     472 	.db #0x00	; 0
      0001C2 80                     473 	.db #0x80	; 128
      0001C3 00                     474 	.db #0x00	; 0
      0001C4 80                     475 	.db #0x80	; 128
      0001C5 00                     476 	.db #0x00	; 0
      0001C6 80                     477 	.db #0x80	; 128
      0001C7 00                     478 	.db #0x00	; 0
      0001C8 80                     479 	.db #0x80	; 128
      0001C9 00                     480 	.db #0x00	; 0
      0001CA 80                     481 	.db #0x80	; 128
      0001CB 00                     482 	.db #0x00	; 0
      0001CC 80                     483 	.db #0x80	; 128
      0001CD 00                     484 	.db #0x00	; 0
      0001CE FF                     485 	.db #0xff	; 255
      0001CF FF                     486 	.db #0xff	; 255
      0001D0 FF                     487 	.db #0xff	; 255
      0001D1 FF                     488 	.db #0xff	; 255
      0001D2 FF                     489 	.db #0xff	; 255
      0001D3 FF                     490 	.db #0xff	; 255
      0001D4 00                     491 	.db #0x00	; 0
      0001D5 00                     492 	.db #0x00	; 0
      0001D6 00                     493 	.db #0x00	; 0
      0001D7 00                     494 	.db #0x00	; 0
      0001D8 00                     495 	.db #0x00	; 0
      0001D9 00                     496 	.db #0x00	; 0
      0001DA 00                     497 	.db #0x00	; 0
      0001DB 00                     498 	.db #0x00	; 0
      0001DC 00                     499 	.db #0x00	; 0
      0001DD 00                     500 	.db #0x00	; 0
      0001DE F2                     501 	.db #0xf2	; 242
      0001DF F3                     502 	.db #0xf3	; 243
      0001E0 F1                     503 	.db #0xf1	; 241
      0001E1 F1                     504 	.db #0xf1	; 241
      0001E2 F0                     505 	.db #0xf0	; 240
      0001E3 F0                     506 	.db #0xf0	; 240
      0001E4 00                     507 	.db #0x00	; 0
      0001E5 00                     508 	.db #0x00	; 0
      0001E6 00                     509 	.db #0x00	; 0
      0001E7 00                     510 	.db #0x00	; 0
      0001E8 00                     511 	.db #0x00	; 0
      0001E9 00                     512 	.db #0x00	; 0
      0001EA 00                     513 	.db #0x00	; 0
      0001EB 00                     514 	.db #0x00	; 0
      0001EC 00                     515 	.db #0x00	; 0
      0001ED 00                     516 	.db #0x00	; 0
      0001EE 00                     517 	.db #0x00	; 0
      0001EF FF                     518 	.db #0xff	; 255
      0001F0 00                     519 	.db #0x00	; 0
      0001F1 FF                     520 	.db #0xff	; 255
      0001F2 60                     521 	.db #0x60	; 96
      0001F3 7F                     522 	.db #0x7f	; 127
      0001F4 00                     523 	.db #0x00	; 0
      0001F5 00                     524 	.db #0x00	; 0
      0001F6 00                     525 	.db #0x00	; 0
      0001F7 00                     526 	.db #0x00	; 0
      0001F8 00                     527 	.db #0x00	; 0
      0001F9 00                     528 	.db #0x00	; 0
      0001FA 00                     529 	.db #0x00	; 0
      0001FB 00                     530 	.db #0x00	; 0
      0001FC 00                     531 	.db #0x00	; 0
      0001FD 00                     532 	.db #0x00	; 0
      0001FE 00                     533 	.db #0x00	; 0
      0001FF FF                     534 	.db #0xff	; 255
      000200 00                     535 	.db #0x00	; 0
      000201 FF                     536 	.db #0xff	; 255
      000202 03                     537 	.db #0x03	; 3
      000203 FF                     538 	.db #0xff	; 255
      000204 00                     539 	.db #0x00	; 0
      000205 00                     540 	.db #0x00	; 0
      000206 00                     541 	.db #0x00	; 0
      000207 00                     542 	.db #0x00	; 0
      000208 00                     543 	.db #0x00	; 0
      000209 00                     544 	.db #0x00	; 0
      00020A 00                     545 	.db #0x00	; 0
      00020B 00                     546 	.db #0x00	; 0
      00020C 00                     547 	.db #0x00	; 0
      00020D 00                     548 	.db #0x00	; 0
      00020E 00                     549 	.db #0x00	; 0
      00020F FF                     550 	.db #0xff	; 255
      000210 00                     551 	.db #0x00	; 0
      000211 FF                     552 	.db #0xff	; 255
      000212 C0                     553 	.db #0xc0	; 192
      000213 7F                     554 	.db #0x7f	; 127
      000214 00                     555 	.db #0x00	; 0
      000215 00                     556 	.db #0x00	; 0
      000216 00                     557 	.db #0x00	; 0
      000217 00                     558 	.db #0x00	; 0
      000218 00                     559 	.db #0x00	; 0
      000219 00                     560 	.db #0x00	; 0
      00021A 00                     561 	.db #0x00	; 0
      00021B 00                     562 	.db #0x00	; 0
      00021C 00                     563 	.db #0x00	; 0
      00021D 00                     564 	.db #0x00	; 0
      00021E 80                     565 	.db #0x80	; 128
      00021F 00                     566 	.db #0x00	; 0
      000220 80                     567 	.db #0x80	; 128
      000221 00                     568 	.db #0x00	; 0
      000222 80                     569 	.db #0x80	; 128
      000223 00                     570 	.db #0x00	; 0
      000224 00                     571 	.db #0x00	; 0
      000225 00                     572 	.db #0x00	; 0
      000226 00                     573 	.db #0x00	; 0
      000227 00                     574 	.db #0x00	; 0
      000228 00                     575 	.db #0x00	; 0
      000229 00                     576 	.db #0x00	; 0
      00022A 00                     577 	.db #0x00	; 0
      00022B 00                     578 	.db #0x00	; 0
      00022C 00                     579 	.db #0x00	; 0
      00022D 00                     580 	.db #0x00	; 0
      00022E 00                     581 	.db #0x00	; 0
      00022F 7F                     582 	.db #0x7f	; 127
      000230 00                     583 	.db #0x00	; 0
      000231 7F                     584 	.db #0x7f	; 127
      000232 00                     585 	.db #0x00	; 0
      000233 7F                     586 	.db #0x7f	; 127
      000234 00                     587 	.db #0x00	; 0
      000235 00                     588 	.db #0x00	; 0
      000236 00                     589 	.db #0x00	; 0
      000237 00                     590 	.db #0x00	; 0
      000238 00                     591 	.db #0x00	; 0
      000239 00                     592 	.db #0x00	; 0
      00023A 00                     593 	.db #0x00	; 0
      00023B 00                     594 	.db #0x00	; 0
      00023C 00                     595 	.db #0x00	; 0
      00023D 00                     596 	.db #0x00	; 0
      00023E 04                     597 	.db #0x04	; 4
      00023F FC                     598 	.db #0xfc	; 252
      000240 04                     599 	.db #0x04	; 4
      000241 FC                     600 	.db #0xfc	; 252
      000242 04                     601 	.db #0x04	; 4
      000243 FC                     602 	.db #0xfc	; 252
      000244 00                     603 	.db #0x00	; 0
      000245 00                     604 	.db #0x00	; 0
      000246 00                     605 	.db #0x00	; 0
      000247 00                     606 	.db #0x00	; 0
      000248 00                     607 	.db #0x00	; 0
      000249 00                     608 	.db #0x00	; 0
      00024A 00                     609 	.db #0x00	; 0
      00024B 00                     610 	.db #0x00	; 0
      00024C 00                     611 	.db #0x00	; 0
      00024D 00                     612 	.db #0x00	; 0
      00024E                        613 ___str_0:
      00024E 20                     614 	.ascii " "
      00024F 00                     615 	.db 0x00
      000250                        616 ___str_1:
      000250 49 73 61 61 63 20 69   617 	.ascii "Isaac is the best"
             73 20 74 68 65 20 62
             65 73 74
      000261 0A                     618 	.db 0x0a
      000262 64 65 76 65 6C 6F 70   619 	.ascii "developer ever!"
             65 72 20 65 76 65 72
             21
      000271 00                     620 	.db 0x00
                                    621 	.area _CODE
                                    622 	.area _INITIALIZER
                                    623 	.area _CABS (ABS)
